<html>
<body>
<pre>
<h1>µVision Build Log</h1>
<h2>Tool Versions:</h2>
IDE-Version: ¦ÌVision V5.36.0.0
Copyright (C) 2021 ARM Ltd and ARM Germany GmbH. All rights reserved.
License Information: 1 Lenovo, 1, LIC=LSNXV-PMMDJ-56VQ2-9XH8W-EDBAF-X6KIX
 
Tool Versions:
Toolchain:       MDK-ARM Plus  Version: 5.36.0.0
Toolchain Path:  D:\Keil5\ARM\ARMCC\Bin
C Compiler:      Armcc.exe V5.06 update 7 (build 960)
Assembler:       Armasm.exe V5.06 update 7 (build 960)
Linker/Locator:  ArmLink.exe V5.06 update 7 (build 960)
Library Manager: ArmAr.exe V5.06 update 7 (build 960)
Hex Converter:   FromElf.exe V5.06 update 7 (build 960)
CPU DLL:         SARMCM3.DLL V5.36.0.0
Dialog DLL:      DCM.DLL V1.17.3.0
Target DLL:      CMSIS_AGDI.dll V1.33.0.0
Dialog DLL:      TCM.DLL V1.53.0.0
 
<h2>Project:</h2>
E:\RM_ECU_Develop\SUEP_SENTRY\ECU\SUEP_SENTRY_CHASSIS\MDK-ARM\standard_robot.uvprojx
Project File Date:  07/05/2025

<h2>Output:</h2>
*** Using Compiler 'V5.06 update 7 (build 960)', folder: 'D:\Keil5\ARM\ARMCC\Bin'
Build target 'standard_robot'
compiling UpperMonitor.c...
..\application\UpperMonitor.h(34): warning:  #1-D: last line of file ends without a newline
  #endif
..\application\AGV_Chassis.h(90): warning:  #1-D: last line of file ends without a newline
  #endif
..\application\AGV_Chassis.h(90): warning:  #1-D: last line of file ends without a newline
  #endif
..\application\UpperMonitor.c(101): warning:  #177-D: variable "RxState"  was declared but never referenced
      static uint8_t RxState = 0;
..\application\UpperMonitor.c(102): warning:  #177-D: variable "pRxPacaket"  was declared but never referenced
      static uint8_t pRxPacaket = 0;
..\application\UpperMonitor.c(28): warning:  #177-D: function "UpperMonitor_Cmd_Send"  was declared but never referenced
  static void UpperMonitor_Cmd_Send(UpperMonitor_Handle_Typedef *UpperMonitor_Cmd_Send)
..\application\UpperMonitor.c(61): warning:  #177-D: function "UpperMonitor_Motor_PID_Send_Hook"  was declared but never referenced
  static void UpperMonitor_Motor_PID_Send_Hook(UpperMonitor_Handle_Typedef *UpperMonitor_Handle_Motor_PID_Hook)
..\application\UpperMonitor.c(99): warning:  #177-D: function "UpperMonitor_Motor_PID_Receive_Hook"  was declared but never referenced
  static void UpperMonitor_Motor_PID_Receive_Hook(UpperMonitor_Handle_Typedef *UpperMonitor_Motor_PID_Receive_Hook)
..\application\UpperMonitor.c: 8 warnings, 0 errors
linking...
Program Size: Code=79632 RO-data=3716 RW-data=620 ZI-data=52268  
FromELF: creating hex file...
"standard_tpye_c\standard_tpye_c.axf" - 0 Error(s), 8 Warning(s).

<h2>Software Packages used:</h2>

Package Vendor: ARM
                http://www.keil.com/pack/ARM.CMSIS.5.8.0.pack
                ARM.CMSIS.5.8.0
                CMSIS (Common Microcontroller Software Interface Standard)
   * Component: CORE Version: 5.5.0

Package Vendor: Keil
                http://www.keil.com/pack/Keil.STM32F4xx_DFP.2.16.0.pack
                Keil.STM32F4xx_DFP.2.16.0
                STMicroelectronics STM32F4 Series Device Support, Drivers and Examples

<h2>Collection of Component include folders:</h2>
  .\RTE\_standard_robot
  D:\Keil5\ARM\CMSIS\5.8.0\CMSIS\Core\Include
  D:\Keil5\Keil\STM32F4xx_DFP\2.16.0\Drivers\CMSIS\Device\ST\STM32F4xx\Include

<h2>Collection of Component Files used:</h2>

   * Component: ARM::CMSIS:CORE:5.5.0
Build Time Elapsed:  00:00:04
</pre>
</body>
</html>
